negative/no-given-1.hylo:12.3-4: error: no coercion from 'Q<A> ==> [Void]() let -> Void' to '[Void]() let -> Void'
  f()
  ^
negative/no-given-1.hylo:12.3-4: note: no given instance of 'Q<A>' in this scope
  f()
  ^
negative/no-given-1.hylo:17.3-4: error: no coercion from 'Q<A> ==> [Void]() let -> Void' to '[Void]() let -> Void'
  f()
  ^
negative/no-given-1.hylo:17.3-4: note: no given instance of 'Q<A>' in this scope
  f()
  ^
negative/no-given-1.hylo:21.3-4: error: no coercion from '<T> P<T> ==> [Void](x: let T) let -> Void' to '[Void](x: let Void) let -> Void'
  i(x: ())
  ^
negative/no-given-1.hylo:21.3-4: note: no given instance of 'P<Void>' in this scope
  i(x: ())
  ^
